Round35 started: Sun Feb 22 21:35:46 CST 2026
RUN task=punc_hotpot stage=quick cfg=baseline mode=no_fs
RUN task=punc_hotpot stage=quick cfg=head_l8 mode=prompt_fs
RUN task=punc_hotpot stage=quick cfg=scalar_l8_sched_cos mode=prompt_fs
RUN task=punc_hotpot stage=med cfg=head_l8 mode=prompt_fs
RUN task=punc_mbpp stage=quick cfg=baseline mode=no_fs
RUN task=punc_mbpp stage=quick cfg=head_l8 mode=prompt_fs
RUN task=punc_mbpp stage=quick cfg=scalar_l8_sched_cos mode=prompt_fs
RUN task=punc_mbpp stage=med cfg=scalar_l8_sched_cos mode=prompt_fs
====================================================================================================================
Round35 punc transfer (aggressive prune) summary
====================================================================================================================
[punc_hotpot]
  baseline quick: acc=8.50%
    head_l8                d_acc=+1.41pp acc=9.91%
    scalar_l8_sched_cos    d_acc=+0.83pp acc=9.33%
  med (top1 only):
    head_l8                d_acc=+2.30pp acc=10.80%
--------------------------------------------------------------------------------------------------------------------
[punc_mbpp]
  baseline quick: acc=40.83%
    scalar_l8_sched_cos    d_acc=+1.28pp acc=42.11%
    head_l8                d_acc=-1.85pp acc=38.98%
  med (top1 only):
    scalar_l8_sched_cos    d_acc=+5.97pp acc=46.80%
--------------------------------------------------------------------------------------------------------------------
Round35 finished: Sun Feb 22 21:41:42 CST 2026
