Loading data...
Using the latest cached version of the dataset since wikitext couldn't be found on the Hugging Face Hub
Traceback (most recent call last):
  File "/root/autodl-tmp/future-seed-posttrain/train_punc_restore_sft.py", line 557, in <module>
    main()
  File "/root/autodl-tmp/future-seed-posttrain/train_punc_restore_sft.py", line 333, in main
    train_ex = build_examples(
  File "/root/autodl-tmp/future-seed-posttrain/train_punc_restore_sft.py", line 180, in build_examples
    ds_obj = load_dataset(ds, ds_cfg, split=split)
  File "/root/autodl-tmp/future-seed-posttrain/.venv/lib/python3.10/site-packages/datasets/load.py", line 2587, in load_dataset
    builder_instance = load_dataset_builder(
  File "/root/autodl-tmp/future-seed-posttrain/.venv/lib/python3.10/site-packages/datasets/load.py", line 2296, in load_dataset_builder
    builder_instance: DatasetBuilder = builder_cls(
  File "/root/autodl-tmp/future-seed-posttrain/.venv/lib/python3.10/site-packages/datasets/packaged_modules/cache/cache.py", line 140, in __init__
    config_name, version, hash = _find_hash_in_cache(
  File "/root/autodl-tmp/future-seed-posttrain/.venv/lib/python3.10/site-packages/datasets/packaged_modules/cache/cache.py", line 43, in _find_hash_in_cache
    cached_directory_paths = [
  File "/root/autodl-tmp/future-seed-posttrain/.venv/lib/python3.10/site-packages/datasets/packaged_modules/cache/cache.py", line 52, in <listcomp>
    or json.loads(Path(cached_directory_path, "dataset_info.json").read_text(encoding="utf-8"))["config_name"]
  File "/usr/lib/python3.10/pathlib.py", line 1134, in read_text
    with self.open(mode='r', encoding=encoding, errors=errors) as f:
  File "/usr/lib/python3.10/pathlib.py", line 1119, in open
    return self._accessor.open(self, mode, buffering, encoding, errors,
FileNotFoundError: [Errno 2] No such file or directory: '/root/autodl-tmp/hf_datasets/wikitext/wikitext-2-raw-v1/0.0.0/b08601e04326c79dfdd32d625aee71d232d685c3.incomplete/dataset_info.json'
